Resolved: true
> Task :lib:badZippingTask2

BUILD SUCCESSFUL in 0s
1 actionable task: 1 executed
